SearXNG 2026.9.8-3fdc6d753
Updating certificates in /etc/ssl/certs...
0 added, 0 removed; done.
Running hooks in /etc/ca-certificates/update.d...
done.
[INFO] Starting granian (main PID: 1)
[INFO] Listening at: http://:::8080
[INFO] Spawning worker-1 with PID: 880
[INFO] Started worker-1
2026-09-09 01:39:06,081 WARNING:searx.botdetection.config: missing config file: /etc/searxng/limiter.toml
2026-09-09 01:39:26,056 ERROR:searx.botdetection: X-Forwarded-For nor X-Real-IP header is set!
2026-09-09 01:39:28,019 WARNING:searx.engines.duckduckgo: ErrorContext('searx/engines/duckduckgo.py', 477, 'raise SearxEngineCaptchaException(suspended_time=0, message=f"CAPTCHA ({params[\'data\'].get(\'kl\')})")', 'searx.exceptions.SearxEngineCaptchaException', None, ('CAPTCHA (wt-wt) (suspended_time=0)',)) False
2026-09-09 01:39:46,233 WARNING:searx.engines.duckduckgo: ErrorContext('searx/engines/duckduckgo.py', 477, 'raise SearxEngineCaptchaException(suspended_time=0, message=f"CAPTCHA ({params[\'data\'].get(\'kl\')})")', 'searx.exceptions.SearxEngineCaptchaException', None, ('CAPTCHA (wt-wt) (suspended_time=0)',)) False
2026-09-09 01:39:51,810 WARNING:searx.engines.duckduckgo: ErrorContext('searx/engines/duckduckgo.py', 477, 'raise SearxEngineCaptchaException(suspended_time=0, message=f"CAPTCHA ({params[\'data\'].get(\'kl\')})")', 'searx.exceptions.SearxEngineCaptchaException', None, ('CAPTCHA (wt-wt) (suspended_time=0)',)) False
2026-09-09 01:39:57,152 WARNING:searx.engines.duckduckgo: ErrorContext('searx/engines/duckduckgo.py', 477, 'raise SearxEngineCaptchaException(suspended_time=0, message=f"CAPTCHA ({params[\'data\'].get(\'kl\')})")', 'searx.exceptions.SearxEngineCaptchaException', None, ('CAPTCHA (wt-wt) (suspended_time=0)',)) False
2026-09-09 01:40:11,649 WARNING:searx.engines.duckduckgo: ErrorContext('searx/engines/duckduckgo.py', 477, 'raise SearxEngineCaptchaException(suspended_time=0, message=f"CAPTCHA ({params[\'data\'].get(\'kl\')})")', 'searx.exceptions.SearxEngineCaptchaException', None, ('CAPTCHA (wt-wt) (suspended_time=0)',)) False
2026-09-09 01:40:17,322 WARNING:searx.engines.duckduckgo: ErrorContext('searx/engines/duckduckgo.py', 477, 'raise SearxEngineCaptchaException(suspended_time=0, message=f"CAPTCHA ({params[\'data\'].get(\'kl\')})")', 'searx.exceptions.SearxEngineCaptchaException', None, ('CAPTCHA (wt-wt) (suspended_time=0)',)) False
2026-09-09 01:42:46,078 WARNING:searx.engines.duckduckgo: ErrorContext('searx/engines/duckduckgo.py', 477, 'raise SearxEngineCaptchaException(suspended_time=0, message=f"CAPTCHA ({params[\'data\'].get(\'kl\')})")', 'searx.exceptions.SearxEngineCaptchaException', None, ('CAPTCHA (wt-wt) (suspended_time=0)',)) False
2026-09-09 01:43:08,186 WARNING:searx.network.brave: HTTP Request failed: GET https://search.brave.com/search?q=%E8%87%BA%E7%81%A3+%E7%8E%89%E5%B1%B1+%E4%B8%BB%E5%B3%B0+%E6%B5%B7%E6%8B%94+%E5%9C%8B%E5%AE%B6%E5%85%AC%E5%9C%92&source=web
2026-09-09 01:43:08,187 WARNING:searx.engines.brave: ErrorContext('searx/search/processors/online.py', 208, 'response = req(params["url"], **request_args)  # pyright: ignore[reportArgumentType]', 'searx.exceptions.SearxEngineTooManyRequestsException', None, ('Too many request (suspended_time=180)',)) False
2026-09-09 01:43:12,022 WARNING:searx.engines.duckduckgo: ErrorContext('searx/engines/duckduckgo.py', 477, 'raise SearxEngineCaptchaException(suspended_time=0, message=f"CAPTCHA ({params[\'data\'].get(\'kl\')})")', 'searx.exceptions.SearxEngineCaptchaException', None, ('CAPTCHA (wt-wt) (suspended_time=0)',)) False
2026-09-09 01:43:35,750 WARNING:searx.engines.duckduckgo: ErrorContext('searx/engines/duckduckgo.py', 477, 'raise SearxEngineCaptchaException(suspended_time=0, message=f"CAPTCHA ({params[\'data\'].get(\'kl\')})")', 'searx.exceptions.SearxEngineCaptchaException', None, ('CAPTCHA (wt-wt) (suspended_time=0)',)) False
2026-09-09 01:44:00,730 WARNING:searx.engines.duckduckgo: ErrorContext('searx/engines/duckduckgo.py', 477, 'raise SearxEngineCaptchaException(suspended_time=0, message=f"CAPTCHA ({params[\'data\'].get(\'kl\')})")', 'searx.exceptions.SearxEngineCaptchaException', None, ('CAPTCHA (wt-wt) (suspended_time=0)',)) False
2026-09-09 01:44:03,310 WARNING:searx.engines.duckduckgo: ErrorContext('searx/engines/duckduckgo.py', 477, 'raise SearxEngineCaptchaException(suspended_time=0, message=f"CAPTCHA ({params[\'data\'].get(\'kl\')})")', 'searx.exceptions.SearxEngineCaptchaException', None, ('CAPTCHA (wt-wt) (suspended_time=0)',)) False
2026-09-09 01:44:25,918 WARNING:searx.engines.duckduckgo: ErrorContext('searx/engines/duckduckgo.py', 477, 'raise SearxEngineCaptchaException(suspended_time=0, message=f"CAPTCHA ({params[\'data\'].get(\'kl\')})")', 'searx.exceptions.SearxEngineCaptchaException', None, ('CAPTCHA (wt-wt) (suspended_time=0)',)) False
